<?xml version="1.0" ?>
<testsuites failures="0" name="TestXML" tests="3" time="0">
	<testsuite name="Resource Array" failures="0"  tests="2" time="0">
		<testcase name=" when is inside on another resource" time="0"></testcase>
		<testcase name=" when you add resource to resource array" time="0"></testcase>
	</testsuite>

	<testsuite name="With CharacterDatabase" failures="0"  tests="6" time="0">
		<testcase name=" if is character database" time="0"></testcase>
		<testcase name=" when add character" time="0"></testcase>
		<testcase name=" when remove timeline" time="0"></testcase>
		<testcase name=" if the database exist" time="0"></testcase>
		<testcase name=" if the database is database resource" time="0"></testcase>
		<testcase name=" if the character database is empty" time="0"></testcase>
	</testsuite>

	<testsuite name="With TimelineDatabase" failures="0"  tests="6" time="0">
		<testcase name=" when remove timeline" time="0"></testcase>
		<testcase name=" if the database exist" time="0"></testcase>
		<testcase name=" if the database is database resource" time="0"></testcase>
		<testcase name=" if is timeline database" time="0"></testcase>
		<testcase name=" if the timeline database is empty" time="0"></testcase>
		<testcase name=" when add timeline" time="0"></testcase>
	</testsuite>

</testsuites>